// Jest Snapshot v1, https://goo.gl/fbAQLP

exports[`matches snapshot 1`] = `
<DocumentFragment>
  <div>
    <h1
      class="display-5 my-3"
    >
      Todo App
    </h1>
    <form>
      <div
        class="col-sm-4"
      >
        <label
          class="col-sm-2 col-form-label"
          for="task"
        >
          Task:
        </label>
        <input
          class="form-control"
          id="task"
          name="task"
          placeholder="Enter your todo"
          required=""
          type="text"
          value=""
        />
      </div>
      <button
        class="btn btn-success my-3"
      >
        Add a todo
      </button>
    </form>
  </div>
</DocumentFragment>
`;
